node.exe : Failed to 
compile.
En línea: 1 Carácter: 1
+ & "C:\Program 
Files\nodejs/node.exe" 
"C:\Program 
Files\nodejs/node_mo ...
+ ~~~~~~~~~~~~~~~~~~~~~~~~~~
~~~~~~~~~~~~~~~~~~~~~~~~~~~~
~~~~~~~~~~~~~~~
    + CategoryInfo          
    : NotSpecified: (Faile  
  d to compile.:String) [   
 ], RemoteException
    + FullyQualifiedErrorId 
    : NativeCommandError
 

./src/app/(app)/activation/p
age.tsx
Error: Failed to read 
source code from C:\Users\ga
val\OneDrive\Escritorio\PWA 
purpura - copia\src\app\(app
)\activation\page.tsx

Caused by:
    stream did not contain 
valid UTF-8

Import trace for requested 
module:
./src/app/(app)/activation/p
age.tsx

./src/app/(app)/forbidden/pa
ge.tsx
Error: Failed to read 
source code from C:\Users\ga
val\OneDrive\Escritorio\PWA 
purpura - copia\src\app\(app
)\forbidden\page.tsx

Caused by:
    stream did not contain 
valid UTF-8

Import trace for requested 
module:
./src/app/(app)/forbidden/pa
ge.tsx

./src/app/(app)/maintenance/
page.tsx
Error: Failed to read 
source code from C:\Users\ga
val\OneDrive\Escritorio\PWA 
purpura - copia\src\app\(app
)\maintenance\page.tsx

Caused by:
    stream did not contain 
valid UTF-8

Import trace for requested 
module:
./src/app/(app)/maintenance/
page.tsx

./src/app/(app)/read-report/
page.tsx
Error: Failed to read 
source code from C:\Users\ga
val\OneDrive\Escritorio\PWA 
purpura - copia\src\app\(app
)\read-report\page.tsx

Caused by:
    stream did not contain 
valid UTF-8

Import trace for requested 
module:
./src/app/(app)/read-report/
page.tsx

./src/app/(app)/templates/pa
ge.tsx
Error: Failed to read 
source code from C:\Users\ga
val\OneDrive\Escritorio\PWA 
purpura - copia\src\app\(app
)\templates\page.tsx

Caused by:
    stream did not contain 
valid UTF-8

Import trace for requested 
module:
./src/app/(app)/templates/pa
ge.tsx


> Build failed because of 
webpack errors
